[33m>[39m Building...
[32mÔêÜ[39m Building...
[1mInitial chunk files[22m                    [2m | [22m[1mNames[22m                               [2m | [22m [1mRaw size[22m
[32mchunk-B4N6XAHL.js[39m                      [2m | [22m[2m-[22m                                   [2m | [22m  [36m1.15 MB[39m[2m | [22m
[32mchunk-33YWPSZI.js[39m                      [2m | [22m[2m-[22m                                   [2m | [22m  [36m1.13 MB[39m[2m | [22m
[32mpolyfills.js[39m                           [2m | [22m[2mpolyfills[22m                           [2m | [22m  [36m1.04 MB[39m[2m | [22m
[32mchunk-ZAPYSEE4.js[39m                      [2m | [22m[2m-[22m                                   [2m | [22m[36m323.36 kB[39m[2m | [22m
[32mchunk-IRJ25XVV.js[39m                      [2m | [22m[2m-[22m                                   [2m | [22m[36m269.78 kB[39m[2m | [22m
[32mspec-app.spec.js[39m                       [2m | [22m[2mspec-app.spec[22m                       [2m | [22m[36m252.69 kB[39m[2m | [22m
[32mchunk-AAWI7PTD.js[39m                      [2m | [22m[2m-[22m                                   [2m | [22m[36m192.92 kB[39m[2m | [22m
[32mchunk-GDB4USCB.js[39m                      [2m | [22m[2m-[22m                                   [2m | [22m [36m96.10 kB[39m[2m | [22m
[32mjasmine-cleanup-1.js[39m                   [2m | [22m[2mjasmine-cleanup-1[22m                   [2m | [22m [36m67.20 kB[39m[2m | [22m
[32mchunk-RYLLZMRE.js[39m                      [2m | [22m[2m-[22m                                   [2m | [22m [36m59.86 kB[39m[2m | [22m
[32mchunk-OWSSVKWZ.js[39m                      [2m | [22m[2m-[22m                                   [2m | [22m [36m43.45 kB[39m[2m | [22m
[32mchunk-VNZAINQ7.js[39m                      [2m | [22m[2m-[22m                                   [2m | [22m [36m36.40 kB[39m[2m | [22m
[32mtest_main.js[39m                           [2m | [22m[2mtest_main[22m                           [2m | [22m [36m21.94 kB[39m[2m | [22m
[32mchunk-STHSSWMK.js[39m                      [2m | [22m[2m-[22m                                   [2m | [22m [36m18.36 kB[39m[2m | [22m
[32mchunk-GS7PO7ZD.js[39m                      [2m | [22m[2m-[22m                                   [2m | [22m [36m17.15 kB[39m[2m | [22m
[32mspec-input-text.component.spec.js[39m      [2m | [22m[2mspec-input-text.component.spec[22m      [2m | [22m [36m15.65 kB[39m[2m | [22m
[32mchunk-QMLYFCEN.js[39m                      [2m | [22m[2m-[22m                                   [2m | [22m [36m14.38 kB[39m[2m | [22m
[32mspec-navigation.spec.js[39m                [2m | [22m[2mspec-navigation.spec[22m                [2m | [22m [36m12.45 kB[39m[2m | [22m
[32mspec-input-select.component.spec.js[39m    [2m | [22m[2mspec-input-select.component.spec[22m    [2m | [22m  [36m9.74 kB[39m[2m | [22m
[32mchunk-Z43GZIJO.js[39m                      [2m | [22m[2m-[22m                                   [2m | [22m  [36m6.80 kB[39m[2m | [22m
[32mchunk-IK2MHPYB.js[39m                      [2m | [22m[2m-[22m                                   [2m | [22m  [36m5.92 kB[39m[2m | [22m
[32mspec-options-user.component.spec.js[39m    [2m | [22m[2mspec-options-user.component.spec[22m    [2m | [22m  [36m4.57 kB[39m[2m | [22m
[32mspec-login.component.spec.js[39m           [2m | [22m[2mspec-login.component.spec[22m           [2m | [22m  [36m4.19 kB[39m[2m | [22m
[32mspec-help.component.spec.js[39m            [2m | [22m[2mspec-help.component.spec[22m            [2m | [22m  [36m4.14 kB[39m[2m | [22m
[32mspec-home.component.spec.js[39m            [2m | [22m[2mspec-home.component.spec[22m            [2m | [22m  [36m4.12 kB[39m[2m | [22m
[32mstyles.css[39m                             [2m | [22m[2mstyles[22m                              [2m | [22m  [36m4.09 kB[39m[2m | [22m
[32mspec-tooltip.component.spec.js[39m         [2m | [22m[2mspec-tooltip.component.spec[22m         [2m | [22m  [36m3.74 kB[39m[2m | [22m
[32mchunk-GGUFBIL7.js[39m                      [2m | [22m[2m-[22m                                   [2m | [22m  [36m3.40 kB[39m[2m | [22m
[32mspec-avatar.component.spec.js[39m          [2m | [22m[2mspec-avatar.component.spec[22m          [2m | [22m  [36m3.16 kB[39m[2m | [22m
[32mspec-text-pipe.spec.js[39m                 [2m | [22m[2mspec-text-pipe.spec[22m                 [2m | [22m  [36m2.50 kB[39m[2m | [22m
[32mspec-select-coordinator.service.spec.js[39m[2m | [22m[2mspec-select-coordinator.service.spec[22m[2m | [22m  [36m1.36 kB[39m[2m | [22m
[32mchunk-7YLFDQJB.js[39m                      [2m | [22m[2m-[22m                                   [2m | [22m[36m936 bytes[39m[2m | [22m
[32mspec-my-ip.service.spec.js[39m             [2m | [22m[2mspec-my-ip.service.spec[22m             [2m | [22m[36m688 bytes[39m[2m | [22m
[32mspec-encrypt.service.spec.js[39m           [2m | [22m[2mspec-encrypt.service.spec[22m           [2m | [22m[36m615 bytes[39m[2m | [22m
[32mjasmine-cleanup-0.js[39m                   [2m | [22m[2mjasmine-cleanup-0[22m                   [2m | [22m[36m519 bytes[39m[2m | [22m

[1m [22m                                      [2m | [22m[1mInitial total[22m                       [2m | [22m  [1m4.81 MB[22m

Application bundle generation complete. [3.867 seconds] - 2026-04-16T16:45:45.766Z

npx : [1m[33mIgnoring framework "@angular-devkit/build-angular" from karma config file because it's not compatible 
with the application builder.[39m[22m
En línea: 1 Carácter: 1
+ npx ng test --watch=false --browsers=ChromeHeadlessCI --code-coverage ...
+ ~~~~~~~~~~~~~~~~~~~~~~~~~~~~~~~~~~~~~~~~~~~~~~~~~~~~~~~~~~~~~~~~~~~~~
    + CategoryInfo          : NotSpecified: ([1m[33mIgnori...lder.[39m[22m:String) [], RemoteException
    + FullyQualifiedErrorId : NativeCommandError
 
[32m16 04 2026 11:45:46.806:INFO [karma-server]: [39mKarma v6.4.4 server started at http://localhost:9877/
[32m16 04 2026 11:45:46.808:INFO [launcher]: [39mLaunching browsers ChromeHeadlessCI with concurrency unlimited
[32m16 04 2026 11:45:46.817:INFO [launcher]: [39mStarting browser ChromeHeadless
[32m16 04 2026 11:45:48.086:INFO [Chrome Headless 146.0.0.0 (Windows 10)]: [39mConnected on socket zTrvN_BV_GeEThYEAAAB with id 51687577
Chrome Headless 146.0.0.0 (Windows 10): Executed 0 of 109[32m SUCCESS[39m (0 secs / 0 secs)
[1A[2KChrome Headless 146.0.0.0 (Windows 10): Executed 1 of 109[32m SUCCESS[39m (0 secs / 0.024 secs)
[1A[2KChrome Headless 146.0.0.0 (Windows 10): Executed 2 of 109[32m SUCCESS[39m (0 secs / 0.025 secs)
[1A[2KChrome Headless 146.0.0.0 (Windows 10): Executed 3 of 109[32m SUCCESS[39m (0 secs / 0.026 secs)
[1A[2KChrome Headless 146.0.0.0 (Windows 10): Executed 4 of 109[32m SUCCESS[39m (0 secs / 0.026 secs)
[1A[2KChrome Headless 146.0.0.0 (Windows 10): Executed 5 of 109[32m SUCCESS[39m (0 secs / 0.027 secs)
[1A[2KChrome Headless 146.0.0.0 (Windows 10): Executed 6 of 109[32m SUCCESS[39m (0 secs / 0.031 secs)
[1A[2KChrome Headless 146.0.0.0 (Windows 10): Executed 7 of 109[32m SUCCESS[39m (0 secs / 0.034 secs)
[1A[2KChrome Headless 146.0.0.0 (Windows 10): Executed 8 of 109[32m SUCCESS[39m (0 secs / 0.049 secs)
[1A[2KChrome Headless 146.0.0.0 (Windows 10): Executed 9 of 109[32m SUCCESS[39m (0 secs / 0.051 secs)
[1A[2KChrome Headless 146.0.0.0 (Windows 10): Executed 10 of 109[32m SUCCESS[39m (0 secs / 0.055 secs)
[1A[2KChrome Headless 146.0.0.0 (Windows 10): Executed 11 of 109[32m SUCCESS[39m (0 secs / 0.058 secs)
[1A[2KChrome Headless 146.0.0.0 (Windows 10): Executed 12 of 109[32m SUCCESS[39m (0 secs / 0.06 secs)
[1A[2KChrome Headless 146.0.0.0 (Windows 10): Executed 13 of 109[32m SUCCESS[39m (0 secs / 0.063 secs)
[1A[2KChrome Headless 146.0.0.0 (Windows 10): Executed 14 of 109[32m SUCCESS[39m (0 secs / 0.066 secs)
[1A[2KChrome Headless 146.0.0.0 (Windows 10): Executed 15 of 109[32m SUCCESS[39m (0 secs / 0.069 secs)
[1A[2KChrome Headless 146.0.0.0 (Windows 10): Executed 16 of 109[32m SUCCESS[39m (0 secs / 0.072 secs)
[1A[2KChrome Headless 146.0.0.0 (Windows 10): Executed 17 of 109[32m SUCCESS[39m (0 secs / 0.074 secs)
[1A[2KChrome Headless 146.0.0.0 (Windows 10): Executed 18 of 109[32m SUCCESS[39m (0 secs / 0.074 secs)
[1A[2KChrome Headless 146.0.0.0 (Windows 10): Executed 19 of 109[32m SUCCESS[39m (0 secs / 0.075 secs)
[1A[2KChrome Headless 146.0.0.0 (Windows 10): Executed 20 of 109[32m SUCCESS[39m (0 secs / 0.075 secs)
[1A[2KChrome Headless 146.0.0.0 (Windows 10): Executed 21 of 109[32m SUCCESS[39m (0 secs / 0.075 secs)
[1A[2KChrome Headless 146.0.0.0 (Windows 10): Executed 22 of 109[32m SUCCESS[39m (0 secs / 0.075 secs)
[1A[2KChrome Headless 146.0.0.0 (Windows 10): Executed 23 of 109[32m SUCCESS[39m (0 secs / 0.075 secs)
[1A[2KChrome Headless 146.0.0.0 (Windows 10): Executed 24 of 109[32m SUCCESS[39m (0 secs / 0.075 secs)
[1A[2KChrome Headless 146.0.0.0 (Windows 10): Executed 25 of 109[32m SUCCESS[39m (0 secs / 0.076 secs)
[1A[2KChrome Headless 146.0.0.0 (Windows 10): Executed 26 of 109[32m SUCCESS[39m (0 secs / 0.076 secs)
[1A[2KChrome Headless 146.0.0.0 (Windows 10): Executed 27 of 109[32m SUCCESS[39m (0 secs / 0.076 secs)
[1A[2KChrome Headless 146.0.0.0 (Windows 10): Executed 28 of 109[32m SUCCESS[39m (0 secs / 0.077 secs)
[1A[2KChrome Headless 146.0.0.0 (Windows 10): Executed 29 of 109[32m SUCCESS[39m (0 secs / 0.077 secs)
[1A[2KChrome Headless 146.0.0.0 (Windows 10): Executed 30 of 109[32m SUCCESS[39m (0 secs / 0.077 secs)
[1A[2KChrome Headless 146.0.0.0 (Windows 10): Executed 31 of 109[32m SUCCESS[39m (0 secs / 0.077 secs)
[1A[2KChrome Headless 146.0.0.0 (Windows 10): Executed 32 of 109[32m SUCCESS[39m (0 secs / 0.077 secs)
[1A[2KChrome Headless 146.0.0.0 (Windows 10): Executed 33 of 109[32m SUCCESS[39m (0 secs / 0.077 secs)
[1A[2KChrome Headless 146.0.0.0 (Windows 10): Executed 34 of 109[32m SUCCESS[39m (0 secs / 0.078 secs)
[1A[2KChrome Headless 146.0.0.0 (Windows 10): Executed 35 of 109[32m SUCCESS[39m (0 secs / 0.078 secs)
[1A[2KChrome Headless 146.0.0.0 (Windows 10): Executed 36 of 109[32m SUCCESS[39m (0 secs / 0.079 secs)
[1A[2KChrome Headless 146.0.0.0 (Windows 10): Executed 37 of 109[32m SUCCESS[39m (0 secs / 0.079 secs)
[1A[2KChrome Headless 146.0.0.0 (Windows 10): Executed 38 of 109[32m SUCCESS[39m (0 secs / 0.079 secs)
[1A[2KChrome Headless 146.0.0.0 (Windows 10): Executed 39 of 109[32m SUCCESS[39m (0 secs / 0.079 secs)
[1A[2KChrome Headless 146.0.0.0 (Windows 10): Executed 40 of 109[32m SUCCESS[39m (0 secs / 0.079 secs)
[1A[2KChrome Headless 146.0.0.0 (Windows 10): Executed 41 of 109[32m SUCCESS[39m (0 secs / 0.079 secs)
[1A[2KChrome Headless 146.0.0.0 (Windows 10): Executed 42 of 109[32m SUCCESS[39m (0 secs / 0.079 secs)
[1A[2KChrome Headless 146.0.0.0 (Windows 10): Executed 43 of 109[32m SUCCESS[39m (0 secs / 0.08 secs)
[1A[2KChrome Headless 146.0.0.0 (Windows 10): Executed 44 of 109[32m SUCCESS[39m (0 secs / 0.084 secs)
[1A[2KChrome Headless 146.0.0.0 (Windows 10): Executed 45 of 109[32m SUCCESS[39m (0 secs / 0.113 secs)
[1A[2KChrome Headless 146.0.0.0 (Windows 10): Executed 46 of 109[32m SUCCESS[39m (0 secs / 0.124 secs)
[1A[2KChrome Headless 146.0.0.0 (Windows 10): Executed 47 of 109[32m SUCCESS[39m (0 secs / 0.13 secs)
[1A[2KChrome Headless 146.0.0.0 (Windows 10): Executed 48 of 109[32m SUCCESS[39m (0 secs / 0.133 secs)
[1A[2KChrome Headless 146.0.0.0 (Windows 10): Executed 49 of 109[32m SUCCESS[39m (0 secs / 0.136 secs)
[1A[2KChrome Headless 146.0.0.0 (Windows 10): Executed 50 of 109[32m SUCCESS[39m (0 secs / 0.14 secs)
[1A[2KChrome Headless 146.0.0.0 (Windows 10): Executed 51 of 109[32m SUCCESS[39m (0 secs / 0.143 secs)
[1A[2KChrome Headless 146.0.0.0 (Windows 10): Executed 52 of 109[32m SUCCESS[39m (0 secs / 0.146 secs)
[1A[2KChrome Headless 146.0.0.0 (Windows 10): Executed 53 of 109[32m SUCCESS[39m (0 secs / 0.149 secs)
[1A[2KChrome Headless 146.0.0.0 (Windows 10): Executed 54 of 109[32m SUCCESS[39m (0 secs / 0.152 secs)
[1A[2KChrome Headless 146.0.0.0 (Windows 10): Executed 55 of 109[32m SUCCESS[39m (0 secs / 0.155 secs)
[1A[2KChrome Headless 146.0.0.0 (Windows 10): Executed 56 of 109[32m SUCCESS[39m (0 secs / 0.158 secs)
[1A[2KChrome Headless 146.0.0.0 (Windows 10): Executed 57 of 109[32m SUCCESS[39m (0 secs / 0.16 secs)
[1A[2KChrome Headless 146.0.0.0 (Windows 10): Executed 58 of 109[32m SUCCESS[39m (0 secs / 0.162 secs)
[1A[2KChrome Headless 146.0.0.0 (Windows 10): Executed 59 of 109[32m SUCCESS[39m (0 secs / 0.165 secs)
[1A[2KChrome Headless 146.0.0.0 (Windows 10): Executed 60 of 109[32m SUCCESS[39m (0 secs / 0.169 secs)
[1A[2KChrome Headless 146.0.0.0 (Windows 10): Executed 61 of 109[32m SUCCESS[39m (0 secs / 0.172 secs)
[1A[2KChrome Headless 146.0.0.0 (Windows 10): Executed 62 of 109[32m SUCCESS[39m (0 secs / 0.175 secs)
[1A[2KChrome Headless 146.0.0.0 (Windows 10): Executed 63 of 109[32m SUCCESS[39m (0 secs / 0.178 secs)
[1A[2KChrome Headless 146.0.0.0 (Windows 10): Executed 64 of 109[32m SUCCESS[39m (0 secs / 0.182 secs)
[1A[2KChrome Headless 146.0.0.0 (Windows 10): Executed 65 of 109[32m SUCCESS[39m (0 secs / 0.185 secs)
[1A[2KChrome Headless 146.0.0.0 (Windows 10): Executed 66 of 109[32m SUCCESS[39m (0 secs / 0.188 secs)
[1A[2KChrome Headless 146.0.0.0 (Windows 10): Executed 67 of 109[32m SUCCESS[39m (0 secs / 0.19 secs)
[1A[2KChrome Headless 146.0.0.0 (Windows 10): Executed 68 of 109[32m SUCCESS[39m (0 secs / 0.194 secs)
[1A[2KChrome Headless 146.0.0.0 (Windows 10): Executed 69 of 109[32m SUCCESS[39m (0 secs / 0.197 secs)
[1A[2KChrome Headless 146.0.0.0 (Windows 10): Executed 70 of 109[32m SUCCESS[39m (0 secs / 0.199 secs)
[1A[2KChrome Headless 146.0.0.0 (Windows 10): Executed 71 of 109[32m SUCCESS[39m (0 secs / 0.202 secs)
[1A[2KChrome Headless 146.0.0.0 (Windows 10): Executed 72 of 109[32m SUCCESS[39m (0 secs / 0.205 secs)
[1A[2KChrome Headless 146.0.0.0 (Windows 10): Executed 73 of 109[32m SUCCESS[39m (0 secs / 0.208 secs)
[1A[2KChrome Headless 146.0.0.0 (Windows 10): Executed 74 of 109[32m SUCCESS[39m (0 secs / 0.211 secs)
[1A[2KChrome Headless 146.0.0.0 (Windows 10): Executed 75 of 109[32m SUCCESS[39m (0 secs / 0.214 secs)
[1A[2KChrome Headless 146.0.0.0 (Windows 10): Executed 76 of 109[32m SUCCESS[39m (0 secs / 0.216 secs)
[1A[2KChrome Headless 146.0.0.0 (Windows 10): Executed 77 of 109[32m SUCCESS[39m (0 secs / 0.22 secs)
[1A[2KChrome Headless 146.0.0.0 (Windows 10): Executed 78 of 109[32m SUCCESS[39m (0 secs / 0.225 secs)
[1A[2KChrome Headless 146.0.0.0 (Windows 10): Executed 79 of 109[32m SUCCESS[39m (0 secs / 0.228 secs)
[1A[2KChrome Headless 146.0.0.0 (Windows 10): Executed 80 of 109[32m SUCCESS[39m (0 secs / 0.231 secs)
[1A[2KChrome Headless 146.0.0.0 (Windows 10): Executed 81 of 109[32m SUCCESS[39m (0 secs / 0.234 secs)
[1A[2KChrome Headless 146.0.0.0 (Windows 10): Executed 82 of 109[32m SUCCESS[39m (0 secs / 0.236 secs)
[1A[2KChrome Headless 146.0.0.0 (Windows 10): Executed 83 of 109[32m SUCCESS[39m (0 secs / 0.238 secs)
[1A[2K[31mChrome Headless 146.0.0.0 (Windows 10) MyIpService should be created FAILED[39m
	╔ÁNotFound: NG0201: No provider found for `_HttpClient`. Source: DynamicTestModule. Path: MyIpService2 -> _HttpClient. Find more at https://v20.angular.dev/errors/NG0201
	error properties: Object({ code: -201, ngErrorCode: -201, ngErrorMessage: 'No provider found for `_HttpClient`.', ngTokenPath: [ 'MyIpService2', '_HttpClient' ] })
	╔ÁNotFound: NG0201: No provider found for `_HttpClient`. Source: DynamicTestModule. Path: MyIpService2 -> _HttpClient. Find more at https://v20.angular.dev/errors/NG0201
	    at createRuntimeError (http://localhost:9877/darwin_arm64-fastbuild-ST-199a4f3c4e20/bin/packages/core/src/render3/errors_di.ts:130:17)
	    at NullInjector.get (http://localhost:9877/darwin_arm64-fastbuild-ST-199a4f3c4e20/bin/packages/core/src/di/null_injector.ts:20:21)
	    at R3Injector.get (http://localhost:9877/darwin_arm64-fastbuild-ST-199a4f3c4e20/bin/packages/core/src/di/r3_injector.ts:383:27)
	    at R3Injector.get (http://localhost:9877/darwin_arm64-fastbuild-ST-199a4f3c4e20/bin/packages/core/src/di/r3_injector.ts:383:27)
	    at R3Injector.retrieve (http://localhost:9877/darwin_arm64-fastbuild-ST-199a4f3c4e20/bin/packages/core/src/di/r3_injector.ts:250:52)
	    at injectInjectorOnly (http://localhost:9877/darwin_arm64-fastbuild-ST-199a4f3c4e20/bin/packages/core/src/di/injector_compatibility.ts:110:35)
	    at ╔Á╔Áinject (http://localhost:9877/darwin_arm64-fastbuild-ST-199a4f3c4e20/bin/packages/core/src/di/injector_compatibility.ts:144:40)
	    at Object.MyIpService2_Factory [as factory] (ng:///MyIpService2/╔Áfac.js:4:56)
	    at http://localhost:9877/darwin_arm64-fastbuild-ST-199a4f3c4e20/bin/packages/core/src/di/r3_injector.ts:531:35
	    at runInInjectorProfilerContext (http://localhost:9877/darwin_arm64-fastbuild-ST-199a4f3c4e20/bin/packages/core/src/render3/debug/injector_profiler.ts:362:5)
Chrome Headless 146.0.0.0 (Windows 10): Executed 84 of 109[31m (1 FAILED)[39m (0 secs / 0.383 secs)
Chrome Headless 146.0.0.0 (Windows 10) MyIpService should be created FAILED
	╔ÁNotFound: NG0201: No provider found for `_HttpClient`. Source: DynamicTestModule. Path: MyIpService2 -> _HttpClient. Find more at https://v20.angular.dev/errors/NG0201
	error properties: Object({ code: -201, ngErrorCode: -201, ngErrorMessage: 'No provider found for `_HttpClient`.', ngTokenPath: [ 'MyIpService2', '_HttpClient' ] })
	╔ÁNotFound: NG0201: No provider found for `_HttpClient`. Source: DynamicTestModule. Path: MyIpService2 -> _HttpClient. Find more at https://v20.angular.dev/errors/NG0201
	    at createRuntimeError (http://localhost:9877/darwin_arm64-fastbuild-ST-199a4f3c4e20/bin/packages/core/src/render3/errors_di.ts:130:17)
	    at NullInjector.get (http://localhost:9877/darwin_arm64-fastbuild-ST-199a4f3c4e20/bin/packages/core/src/di/null_injector.ts:20:21)
	    at R3Injector.get (http://localhost:9877/darwin_arm64-fastbuild-ST-199a4f3c4e20/bin/packages/core/src/di/r3_injector.ts:383:27)
	    at R3Injector.get (http://localhost:9877/darwin_arm64-fastbuild-ST-199a4f3c4e20/bin/packages/core/src/di/r3_injector.ts:383:27)
	    at R3Injector.retrieve (http://localhost:9877/darwin_arm64-fastbuild-ST-199a4f3c4e20/bin/packages/core/src/di/r3_injector.ts:250:52)
	    at injectInjectorOnly (http://localhost:9877/darwin_arm64-fastbuild-ST-199a4f3c4e20/bin/packages/core/src/di/injector_compatibility.ts:110:35)
	    at ╔Á╔Áinject (http://localhost:9877/darwin_arm64-fastbuild-ST-199a4f3c4e20/bin/packages/core/src/di/injector_compatibility.ts:144:40)
	    at Object.MyIpService2_Factory [as factory] (ng:///MyIpService2/╔Áfac.js:4:56)
	    at http://localhost:9877/darwin_arm64-fastbuild-ST-199a4f3c4e20/bin/packages/core/src/di/r3_injector.ts:531:35
	    at runInInjectorProfilerContext (http://localhost:9877/darwin_arm64-fastbuild-ST-199a4f3c4e20/bin/packages/core/src/render3/debug/injector_profiler.ts:362:5)
[1A[2KChrome Headless 146.0.0.0 (Windows 10): Executed 85 of 109[31m (1 FAILED)[39m (0 secs / 0.392 secs)
[1A[2KChrome Headless 146.0.0.0 (Windows 10): Executed 86 of 109[31m (1 FAILED)[39m (0 secs / 0.394 secs)
[1A[2KChrome Headless 146.0.0.0 (Windows 10): Executed 87 of 109[31m (1 FAILED)[39m (0 secs / 0.396 secs)
[1A[2KChrome Headless 146.0.0.0 (Windows 10): Executed 88 of 109[31m (1 FAILED)[39m (0 secs / 0.398 secs)
[1A[2KChrome Headless 146.0.0.0 (Windows 10): Executed 89 of 109[31m (1 FAILED)[39m (0 secs / 0.4 secs)
[1A[2KChrome Headless 146.0.0.0 (Windows 10): Executed 90 of 109[31m (1 FAILED)[39m (0 secs / 0.402 secs)
[1A[2KChrome Headless 146.0.0.0 (Windows 10): Executed 91 of 109[31m (1 FAILED)[39m (0 secs / 0.432 secs)
[1A[2KChrome Headless 146.0.0.0 (Windows 10): Executed 92 of 109[31m (1 FAILED)[39m (0 secs / 0.435 secs)
[1A[2KChrome Headless 146.0.0.0 (Windows 10): Executed 93 of 109[31m (1 FAILED)[39m (0 secs / 0.437 secs)
[1A[2KChrome Headless 146.0.0.0 (Windows 10): Executed 94 of 109[31m (1 FAILED)[39m (0 secs / 0.441 secs)
[1A[2KChrome Headless 146.0.0.0 (Windows 10): Executed 95 of 109[31m (1 FAILED)[39m (0 secs / 0.445 secs)
[1A[2KChrome Headless 146.0.0.0 (Windows 10): Executed 96 of 109[31m (1 FAILED)[39m (0 secs / 0.448 secs)
[1A[2KChrome Headless 146.0.0.0 (Windows 10): Executed 97 of 109[31m (1 FAILED)[39m (0 secs / 0.451 secs)
[1A[2KChrome Headless 146.0.0.0 (Windows 10): Executed 98 of 109[31m (1 FAILED)[39m (0 secs / 0.454 secs)
[1A[2KChrome Headless 146.0.0.0 (Windows 10): Executed 99 of 109[31m (1 FAILED)[39m (0 secs / 0.457 secs)
[1A[2KChrome Headless 146.0.0.0 (Windows 10): Executed 100 of 109[31m (1 FAILED)[39m (0 secs / 0.46 secs)
[1A[2KChrome Headless 146.0.0.0 (Windows 10): Executed 101 of 109[31m (1 FAILED)[39m (0 secs / 0.463 secs)
[1A[2KChrome Headless 146.0.0.0 (Windows 10): Executed 102 of 109[31m (1 FAILED)[39m (0 secs / 0.465 secs)
[1A[2KChrome Headless 146.0.0.0 (Windows 10): Executed 103 of 109[31m (1 FAILED)[39m (0 secs / 0.467 secs)
[1A[2KChrome Headless 146.0.0.0 (Windows 10): Executed 104 of 109[31m (1 FAILED)[39m (0 secs / 0.469 secs)
[1A[2KChrome Headless 146.0.0.0 (Windows 10): Executed 105 of 109[31m (1 FAILED)[39m (0 secs / 0.472 secs)
[1A[2KChrome Headless 146.0.0.0 (Windows 10): Executed 106 of 109[31m (1 FAILED)[39m (0 secs / 0.474 secs)
[1A[2KChrome Headless 146.0.0.0 (Windows 10): Executed 107 of 109[31m (1 FAILED)[39m (0 secs / 0.477 secs)
[1A[2K[31mChrome Headless 146.0.0.0 (Windows 10) App should create the app FAILED[39m
	╔ÁNotFound: NG0201: No provider found for `_HttpClient`. Source: Standalone[App2]. Path: MyIpService2 -> _HttpClient. Find more at https://v20.angular.dev/errors/NG0201
	error properties: Object({ code: -201, ngErrorCode: -201, ngErrorMessage: 'No provider found for `_HttpClient`.', ngTokenPath: [ 'MyIpService2', '_HttpClient' ] })
	╔ÁNotFound: NG0201: No provider found for `_HttpClient`. Source: Standalone[App2]. Path: MyIpService2 -> _HttpClient. Find more at https://v20.angular.dev/errors/NG0201
	    at createRuntimeError (http://localhost:9877/darwin_arm64-fastbuild-ST-199a4f3c4e20/bin/packages/core/src/render3/errors_di.ts:130:17)
	    at NullInjector.get (http://localhost:9877/darwin_arm64-fastbuild-ST-199a4f3c4e20/bin/packages/core/src/di/null_injector.ts:20:21)
	    at R3Injector.get (http://localhost:9877/darwin_arm64-fastbuild-ST-199a4f3c4e20/bin/packages/core/src/di/r3_injector.ts:383:27)
	    at R3Injector.get (http://localhost:9877/darwin_arm64-fastbuild-ST-199a4f3c4e20/bin/packages/core/src/di/r3_injector.ts:383:27)
	    at R3Injector.retrieve (http://localhost:9877/darwin_arm64-fastbuild-ST-199a4f3c4e20/bin/packages/core/src/di/r3_injector.ts:250:52)
	    at injectInjectorOnly (http://localhost:9877/darwin_arm64-fastbuild-ST-199a4f3c4e20/bin/packages/core/src/di/injector_compatibility.ts:110:35)
	    at ╔Á╔Áinject (http://localhost:9877/darwin_arm64-fastbuild-ST-199a4f3c4e20/bin/packages/core/src/di/injector_compatibility.ts:144:40)
	    at Object.MyIpService2_Factory [as factory] (ng:///MyIpService2/╔Áfac.js:4:56)
	    at http://localhost:9877/darwin_arm64-fastbuild-ST-199a4f3c4e20/bin/packages/core/src/di/r3_injector.ts:531:35
	    at runInInjectorProfilerContext (http://localhost:9877/darwin_arm64-fastbuild-ST-199a4f3c4e20/bin/packages/core/src/render3/debug/injector_profiler.ts:362:5)
Chrome Headless 146.0.0.0 (Windows 10): Executed 108 of 109[31m (2 FAILED)[39m (0 secs / 0.5 secs)
Chrome Headless 146.0.0.0 (Windows 10) App should create the app FAILED
	╔ÁNotFound: NG0201: No provider found for `_HttpClient`. Source: Standalone[App2]. Path: MyIpService2 -> _HttpClient. Find more at https://v20.angular.dev/errors/NG0201
	error properties: Object({ code: -201, ngErrorCode: -201, ngErrorMessage: 'No provider found for `_HttpClient`.', ngTokenPath: [ 'MyIpService2', '_HttpClient' ] })
	╔ÁNotFound: NG0201: No provider found for `_HttpClient`. Source: Standalone[App2]. Path: MyIpService2 -> _HttpClient. Find more at https://v20.angular.dev/errors/NG0201
	    at createRuntimeError (http://localhost:9877/darwin_arm64-fastbuild-ST-199a4f3c4e20/bin/packages/core/src/render3/errors_di.ts:130:17)
	    at NullInjector.get (http://localhost:9877/darwin_arm64-fastbuild-ST-199a4f3c4e20/bin/packages/core/src/di/null_injector.ts:20:21)
	    at R3Injector.get (http://localhost:9877/darwin_arm64-fastbuild-ST-199a4f3c4e20/bin/packages/core/src/di/r3_injector.ts:383:27)
	    at R3Injector.get (http://localhost:9877/darwin_arm64-fastbuild-ST-199a4f3c4e20/bin/packages/core/src/di/r3_injector.ts:383:27)
	    at R3Injector.retrieve (http://localhost:9877/darwin_arm64-fastbuild-ST-199a4f3c4e20/bin/packages/core/src/di/r3_injector.ts:250:52)
	    at injectInjectorOnly (http://localhost:9877/darwin_arm64-fastbuild-ST-199a4f3c4e20/bin/packages/core/src/di/injector_compatibility.ts:110:35)
	    at ╔Á╔Áinject (http://localhost:9877/darwin_arm64-fastbuild-ST-199a4f3c4e20/bin/packages/core/src/di/injector_compatibility.ts:144:40)
	    at Object.MyIpService2_Factory [as factory] (ng:///MyIpService2/╔Áfac.js:4:56)
	    at http://localhost:9877/darwin_arm64-fastbuild-ST-199a4f3c4e20/bin/packages/core/src/di/r3_injector.ts:531:35
	    at runInInjectorProfilerContext (http://localhost:9877/darwin_arm64-fastbuild-ST-199a4f3c4e20/bin/packages/core/src/render3/debug/injector_profiler.ts:362:5)
[1A[2K[31mChrome Headless 146.0.0.0 (Windows 10) App should render title FAILED[39m
	╔ÁNotFound: NG0201: No provider found for `_HttpClient`. Source: Standalone[App2]. Path: MyIpService2 -> _HttpClient. Find more at https://v20.angular.dev/errors/NG0201
	error properties: Object({ code: -201, ngErrorCode: -201, ngErrorMessage: 'No provider found for `_HttpClient`.', ngTokenPath: [ 'MyIpService2', '_HttpClient' ] })
	╔ÁNotFound: NG0201: No provider found for `_HttpClient`. Source: Standalone[App2]. Path: MyIpService2 -> _HttpClient. Find more at https://v20.angular.dev/errors/NG0201
	    at createRuntimeError (http://localhost:9877/darwin_arm64-fastbuild-ST-199a4f3c4e20/bin/packages/core/src/render3/errors_di.ts:130:17)
	    at NullInjector.get (http://localhost:9877/darwin_arm64-fastbuild-ST-199a4f3c4e20/bin/packages/core/src/di/null_injector.ts:20:21)
	    at R3Injector.get (http://localhost:9877/darwin_arm64-fastbuild-ST-199a4f3c4e20/bin/packages/core/src/di/r3_injector.ts:383:27)
	    at R3Injector.get (http://localhost:9877/darwin_arm64-fastbuild-ST-199a4f3c4e20/bin/packages/core/src/di/r3_injector.ts:383:27)
	    at R3Injector.retrieve (http://localhost:9877/darwin_arm64-fastbuild-ST-199a4f3c4e20/bin/packages/core/src/di/r3_injector.ts:250:52)
	    at injectInjectorOnly (http://localhost:9877/darwin_arm64-fastbuild-ST-199a4f3c4e20/bin/packages/core/src/di/injector_compatibility.ts:110:35)
	    at ╔Á╔Áinject (http://localhost:9877/darwin_arm64-fastbuild-ST-199a4f3c4e20/bin/packages/core/src/di/injector_compatibility.ts:144:40)
	    at Object.MyIpService2_Factory [as factory] (ng:///MyIpService2/╔Áfac.js:4:56)
	    at http://localhost:9877/darwin_arm64-fastbuild-ST-199a4f3c4e20/bin/packages/core/src/di/r3_injector.ts:531:35
	    at runInInjectorProfilerContext (http://localhost:9877/darwin_arm64-fastbuild-ST-199a4f3c4e20/bin/packages/core/src/render3/debug/injector_profiler.ts:362:5)
Chrome Headless 146.0.0.0 (Windows 10): Executed 109 of 109[31m (3 FAILED)[39m (0 secs / 0.502 secs)
Chrome Headless 146.0.0.0 (Windows 10) App should render title FAILED
	╔ÁNotFound: NG0201: No provider found for `_HttpClient`. Source: Standalone[App2]. Path: MyIpService2 -> _HttpClient. Find more at https://v20.angular.dev/errors/NG0201
	error properties: Object({ code: -201, ngErrorCode: -201, ngErrorMessage: 'No provider found for `_HttpClient`.', ngTokenPath: [ 'MyIpService2', '_HttpClient' ] })
	╔ÁNotFound: NG0201: No provider found for `_HttpClient`. Source: Standalone[App2]. Path: MyIpService2 -> _HttpClient. Find more at https://v20.angular.dev/errors/NG0201
	    at createRuntimeError (http://localhost:9877/darwin_arm64-fastbuild-ST-199a4f3c4e20/bin/packages/core/src/render3/errors_di.ts:130:17)
	    at NullInjector.get (http://localhost:9877/darwin_arm64-fastbuild-ST-199a4f3c4e20/bin/packages/core/src/di/null_injector.ts:20:21)
	    at R3Injector.get (http://localhost:9877/darwin_arm64-fastbuild-ST-199a4f3c4e20/bin/packages/core/src/di/r3_injector.ts:383:27)
	    at R3Injector.get (http://localhost:9877/darwin_arm64-fastbuild-ST-199a4f3c4e20/bin/packages/core/src/di/r3_injector.ts:383:27)
	    at R3Injector.retrieve (http://localhost:9877/darwin_arm64-fastbuild-ST-199a4f3c4e20/bin/packages/core/src/di/r3_injector.ts:250:52)
	    at injectInjectorOnly (http://localhost:9877/darwin_arm64-fastbuild-ST-199a4f3c4e20/bin/packages/core/src/di/injector_compatibility.ts:110:35)
	    at ╔Á╔Áinject (http://localhost:9877/darwin_arm64-fastbuild-ST-199a4f3c4e20/bin/packages/core/src/di/injector_compatibility.ts:144:40)
	    at Object.MyIpService2_Factory [as factory] (ng:///MyIpService2/╔Áfac.js:4:56)
	    at http://localhost:9877/darwin_arm64-fastbuild-ST-199a4f3c4e20/bin/packages/core/src/di/r3_injector.ts:531:35
	    at runInInjectorProfilerContext (http://localhost:9877/darwin_arm64-fastbuild-ST-199a4f3c4e20/bin/packages/core/src/render3/debug/injector_profiler.ts:362:5)
[1A[2KChrome Headless 146.0.0.0 (Windows 10): Executed 109 of 109[31m (3 FAILED)[39m (0.595 secs / 0.502 secs)
[31mTOTAL: 3 FAILED, 106 SUCCESS[39m
TOTAL: 3 FAILED, 106 SUCCESS

=============================== Coverage summary ===============================
Statements   : 58.44% ( 218/373 )
Branches     : 63.29% ( 50/79 )
Functions    : 50.61% ( 41/81 )
Lines        : 57.95% ( 204/352 )
================================================================================
